Script started on 2023-06-27 22:04:22+05:30 [TERM="xterm-256color" TTY="/dev/pts/0" COLUMNS="168" LINES="43"]
]0;ashutosh@TIGER01220: ~[01;32mashutosh@TIGER01220[00m:[01;34m~[00m$ sudo apt install git-all
[sudo] password for ashutosh: 
Reading package lists... 0%Reading package lists... 100%Reading package lists... Done
Building dependency tree... 0%Building dependency tree... 0%Building dependency tree... 50%Building dependency tree... 50%Building dependency tree       
Reading state information... 0%Reading state information... 0%Reading state information... Done
[1;31mE: [0mUnable to locate package git-all[0m
]0;ashutosh@TIGER01220: ~[01;32mashutosh@TIGER01220[00m:[01;34m~[00m$ git --version
git version 2.25.1
]0;ashutosh@TIGER01220: ~[01;32mashutosh@TIGER01220[00m:[01;34m~[00m$ git config --global user.name "ashutoshkr"
]0;ashutosh@TIGER01220: ~[01;32mashutosh@TIGER01220[00m:[01;34m~[00m$ git config --global user.email "ashutoshkumar.si@tigeranalytics.com"
]0;ashutosh@TIGER01220: ~[01;32mashutosh@TIGER01220[00m:[01;34m~[00m$ git congif[Kg user.name
git: 'congig' is not a git command. See 'git --help'.

The most similar command is
	config
]0;ashutosh@TIGER01220: ~[01;32mashutosh@TIGER01220[00m:[01;34m~[00m$ git congig user.name[1P[1@f[C[C[C[C[C[C[C[C[C[C[C[C
ashutoshkr
]0;ashutosh@TIGER01220: ~[01;32mashutosh@TIGER01220[00m:[01;34m~[00m$ cd home/ashutosh/my_project
bash: cd: home/ashutosh/my_project: No such file or directory
]0;ashutosh@TIGER01220: ~[01;32mashutosh@TIGER01220[00m:[01;34m~[00m$ mkdir n[Kmy_pri[Koject
]0;ashutosh@TIGER01220: ~[01;32mashutosh@TIGER01220[00m:[01;34m~[00m$ mkdir my_projectcd home/ashutosh/my_project
bash: cd: home/ashutosh/my_project: No such file or directory
]0;ashutosh@TIGER01220: ~[01;32mashutosh@TIGER01220[00m:[01;34m~[00m$ ls
my_git_session  [0m[01;34mmy_project[0m  my_unix_session  my_unix_session1  [01;34mnorth-pacific-gyre[0m  [01;34mshell-lesson-data[0m  [01;34mubu[0m
]0;ashutosh@TIGER01220: ~[01;32mashutosh@TIGER01220[00m:[01;34m~[00m$ git init
Initialized empty Git repository in /home/ashutosh/.git/
]0;ashutosh@TIGER01220: ~[01;32mashutosh@TIGER01220[00m:[01;34m~[00m$ git status
On branch master

No commits yet

Untracked files:
  (use "git add <file>..." to include in what will be committed)
	[31m.bash_history[m
	[31m.bash_logout[m
	[31m.bashrc[m
	[31m.gitconfig[m
	[31m.landscape/[m
	[31m.motd_shown[m
	[31m.profile[m
	[31m.sudo_as_admin_successful[m
	[31mmy_git_session[m
	[31mmy_unix_session[m
	[31mmy_unix_session1[m
	[31mnorth-pacific-gyre/[m
	[31mshell-lesson-data/[m

nothing added to commit but untracked files present (use "git add" to track)
]0;ashutosh@TIGER01220: ~[01;32mashutosh@TIGER01220[00m:[01;34m~[00m$ pwd
/home/ashutosh
]0;ashutosh@TIGER01220: ~[01;32mashutosh@TIGER01220[00m:[01;34m~[00m$ cp my* /mnt/c/Users/YourUserName/Desktop/
cp: target '/mnt/c/Users/YourUserName/Desktop/' is not a directory
]0;ashutosh@TIGER01220: ~[01;32mashutosh@TIGER01220[00m:[01;34m~[00m$ cp my* /mnt/c/Users/YourUserName/Desktop/[1P/Desktop/[1P/Desktop/[1P/Desktop/[1P/Desktop/[1P/Desktop/[1P/Desktop/[1P/Desktop/[1P/Desktop/[1P/Desktop/[1P/Desktop/[1P/Desktop/[1P/Desktop/a/Desktop/s/Desktop/h/Desktop/u/Desktop/t/Desktop/o/Desktop/s/Desktop/h/Desktop/k/Desktop/u/Desktop/m/Desktop/a/Desktop/r/Desktop/./Desktop/s/Desktop/i/Desktop/
cp: -r not specified; omitting directory 'my_project'
]0;ashutosh@TIGER01220: ~[01;32mashutosh@TIGER01220[00m:[01;34m~[00m$ cp my* /mnt/c/Users/ashutoshkumar.si/Desktop/[C[1@ [1@-[1@r[C[C[C[C[C[C[C[C[C[C[C[C[C[C[C[C[C[C[C[C[C[C[C[C[C[C[C[C[C[C[C[C[C[C[C[C[C[C[C[C[C[C[C
]0;ashutosh@TIGER01220: ~[01;32mashutosh@TIGER01220[00m:[01;34m~[00m$ cp -r my* /mnt/c/Users/ashutoshkumar.si/Desktop/[C[1P /mnt/c/Users/ashutoshkumar.si/Desktop/[C[C[C[C[C[C[C[C[C[C[C[C[C[C[C[C[C[C[C[C[C[C[C[C[C[C[C[C[C[C[C[1P /mnt/c/Users/ashutoshkumar.si/Desktop/[C[C[C[C[C[C[C[C[C[C[C[C[C[C[C[C[C[C[C[C[C[C[C[C[C[C[C[C[C[C[1P /mnt/c/Users/ashutoshkumar.si/Desktop/[C[C[C[C[C[C[C[C[C[C[C[C[C[C[C[C[C[C[C[C[C[C[C[C[C[C[C[C[C[1P/mnt/c/Users/ashutoshkumar.si/Desktop/[C[C[C[C[C[C[C[C[C[C[C[C[C[C[C[C[C[C[C[C[C[C[C[C[C[C[C[C[1P /mnt/c/Users/ashutoshkumar.si/Desktop/[C[C[C[C[C[C[C[C[C[C[C[C[C[C[C[C[C[C[C[C[C[C[C[C[C[C[C[1P /mnt/c/Users/ashutoshkumar.si/Desktop/[C[C[C[C[C[C[C[C[C[C[C[C[C[C[C[C[C[C[C[C[C[C[C[C[C[C[1P/mnt/c/Users/ashutoshkumar.si/Desktop/[C[C[C[C[C[C[C[C[C[C[C[C[C[C[C[C[C[C[C[C[C[C[C[C[C/ /mnt/c/Users/ashutoshkumar.si/Desktop/[C[C[C[C[C[C[C[C[C[C[C[C[C[C[C[C[C[C[C[C[C[C[C[C[C[Ch /mnt/c/Users/ashutoshkumar.si/Desktop/[C[C[C[C[C[C[C[C[C[C[C[C[C[C[C[C[C[C[C[C[C[C[C[C[C[C[Co /mnt/c/Users/ashutoshkumar.si/Desktop/[C[C[C[C[C[C[C[C[C[C[C[C[C[C[C[C[C[C[C[C[C[C[C[C[C[C[C[Cm /mnt/c/Users/ashutoshkumar.si/Desktop/[C[C[C[C[C[C[C[C[C[C[C[C[C[C[C[C[C[C[C[C[C[C[C[C[C[C[C[C[Ce /mnt/c/Users/ashutoshkumar.si/Desktop/[C[C[C[C[C[C[C[C[C[C[C[C[C[C[C[C[C[C[C[C[C[C[C[C[C[C[C[C[C[C/ /mnt/c/Users/ashutoshkumar.si/Desktop/[C[C[C[C[C[C[C[C[C[C[C[C[C[C[C[C[C[C[C[C[C[C[C[C[C[C[C[C[C[C[Ca /mnt/c/Users/ashutoshkumar.si/Desktop/[C[C[C[C[C[C[C[C[C[C[C[C[C[C[C[C[C[C[C[C[C[C[C[C[C[C[C[C[C[C[C[Cs /mnt/c/Users/ashutoshkumar.si/Desktop/[C[C[C[C[C[C[C[C[C[C[C[C[C[C[C[C[C[C[C[C[C[C[C[C[C[C[C[C[C[C[C[C[Ch /mnt/c/Users/ashutoshkumar.si/Desktop/[C[C[C[C[C[C[C[C[C[C[C[C[C[C[C[C[C[C[C[C[C[C[C[C[C[C[C[C[C[C[C[C[C[Cu /mnt/c/Users/ashutoshkumar.si/Desktop/[C[C[C[C[C[C[C[C[C[C[C[C[C[C[C[C[C[C[C[C[C[C[C[C[C[C[C[C[C[C[C[C[C[C[Ct /mnt/c/Users/ashutoshkumar.si/Desktop/[C[C[C[C[C[C[C[C[C[C[C[C[C[C[C[C[C[C[C[C[C[C[C[C[C[C[C[C[C[C[C[C[C[C[C[Co /mnt/c/Users/ashutoshkumar.si/Desktop/[C[C[C[C[C[C[C[C[C[C[C[C[C[C[C[C[C[C[C[C[C[C[C[C[C[C[C[C[C[C[C[C[C[C[C[C[Cs /mnt/c/Users/ashutoshkumar.si/Desktop/h /mnt/c/Users/ashutoshkumar.si/Desktop// /mnt/c/Users/ashutoshkumar.si/Desktop/m /mnt/c/Users/ashutoshkumar.si/Desktop/y /mnt/c/Users/ashutoshkumar.si/Desktop/_ /mnt/c/Users/ashutoshkumar.si/Desktop/u /mnt/c/Users/ashutoshkumar.si/Desktop/n /mnt/c/Users/ashutoshkumar.si/Desktop/i /mnt/c/Users/ashutoshkumar.si/Desktop/x /mnt/c/Users/ashutoshkumar.si/Desktop/_ /mnt/c/Users/ashutoshkumar.si/Desktop/s /mnt/c/Users/ashutoshkumar.si/Desktop/e /mnt/c/Users/ashutoshkumar.si/Desktop/s /mnt/c/Users/ashutoshkumar.si/Desktop/s /mnt/c/Users/ashutoshkumar.si/Desktop/i /mnt/c/Users/ashutoshkumar.si/Desktop/o /mnt/c/Users/ashutoshkumar.si/Desktop/n /mnt/c/Users/ashutoshkumar.si/Desktop/1 /mnt/c/Users/ashutoshkumar.si/Desktop/[C[C[1P/mnt/c/Users/ashutoshkumar.si/Desktop/[C[C[C[C[C[C[C[C[C[C[C[C[C[C[C[C[C[C[C[C[C[C[C[C[C[C[C[C[C[C[C[C[C[C[C[C[C
bash: cp/home/ashutosh/my_unix_session1/mnt/c/Users/ashutoshkumar.si/Desktop/: No such file or directory
]0;ashutosh@TIGER01220: ~[01;32mashutosh@TIGER01220[00m:[01;34m~[00m$ cp/home/ashutosh/my_unix_session1/mnt/c/Users/ashutoshkumar.si/Desktop/[C /home/ashutosh/my_unix_session1/mnt/c/Users/ashutoshkumar.si/Desktop/[C /home/ashutosh/my_unix_session1/mnt/c/Users/ashutoshkumar.si/Desktop/- /home/ashutosh/my_unix_session1/mnt/c/Users/ashutoshkumar.si/Desktop/r /home/ashutosh/my_unix_session1/mnt/c/Users/ashutoshkumar.si/Desktop/
cp: missing destination file operand after '/home/ashutosh/my_unix_session1/mnt/c/Users/ashutoshkumar.si/Desktop/'
Try 'cp --help' for more information.
]0;ashutosh@TIGER01220: ~[01;32mashutosh@TIGER01220[00m:[01;34m~[00m$ cp -r /home/ashutosh/my_unix_session1/mnt/c/Users/ashutoshkumar.si/Desktop/[C[C[C[C[C[C[C[C[C[C[C[C[C[C[C[C[C[C[C[C[C[C[C[C[C[4P/home/ashutosh/my_unix_session1/mnt/c/Users/ashutoshkumar.si/Desktop/[K[K[K[K[K[K[K[K[K[K[K[K[K[K[K[K[K[K[K[K[K[K[K[K[K[K[K[K[K[K[K[K[K[K[K[K[K[K[K[K[K[K[K[K[K[K[K[K[K[K[K[K[K[K[K[K[K[K[K[K[K[K[K[K[K[K[K[K[K[K[Kcp /home/ashutosh/my_unix_session1 /mnt/c/Users/ashutoshkumar.si/Desktop/
]0;ashutosh@TIGER01220: ~[01;32mashutosh@TIGER01220[00m:[01;34m~[00m$ git config --list
[?1h=user.name=ashutoshkr[m
user.email=ashutoshkumar.si@tigeranalytics.com[m
core.repositoryformatversion=0[m
core.filemode=true[m
core.bare=false[m
core.logallrefupdates=true[m
[K[?1l>]0;ashutosh@TIGER01220: ~[01;32mashutosh@TIGER01220[00m:[01;34m~[00m$ git help config
[?1049h[22;0;0t[?1h=GIT-CONFIG(1)                                                                Git Manual                                                               GIT-CONFIG(1)[m
[m
[1mNAME[0m[m
       git-config - Get and set repository or global options[m
[m
[1mSYNOPSIS[0m[m
       [4mgit[24m [4mconfig[24m [<file-option>] [--type=<type>] [--show-origin] [-z|--null] name [value [value_regex]][m
       [4mgit[24m [4mconfig[24m [<file-option>] [--type=<type>] --add name value[m
       [4mgit[24m [4mconfig[24m [<file-option>] [--type=<type>] --replace-all name value [value_regex][m
       [4mgit[24m [4mconfig[24m [<file-option>] [--type=<type>] [--show-origin] [-z|--null] --get name [value_regex][m
       [4mgit[24m [4mconfig[24m [<file-option>] [--type=<type>] [--show-origin] [-z|--null] --get-all name [value_regex][m
       [4mgit[24m [4mconfig[24m [<file-option>] [--type=<type>] [--show-origin] [-z|--null] [--name-only] --get-regexp name_regex [value_regex][m
       [4mgit[24m [4mconfig[24m [<file-option>] [--type=<type>] [-z|--null] --get-urlmatch name URL[m
       [4mgit[24m [4mconfig[24m [<file-option>] --unset name [value_regex][m
       [4mgit[24m [4mconfig[24m [<file-option>] --unset-all name [value_regex][m
       [4mgit[24m [4mconfig[24m [<file-option>] --rename-section old_name new_name[m
       [4mgit[24m [4mconfig[24m [<file-option>] --remove-section name[m
       [4mgit[24m [4mconfig[24m [<file-option>] [--show-origin] [-z|--null] [--name-only] -l | --list[m
       [4mgit[24m [4mconfig[24m [<file-option>] --get-color name [default][m
       [4mgit[24m [4mconfig[24m [<file-option>] --get-colorbool name [stdout-is-tty][m
       [4mgit[24m [4mconfig[24m [<file-option>] -e | --edit[m
[m
[1mDESCRIPTION[0m[m
       You can query/set/replace/unset options with this command. The name is actually the section and the key separated by a dot, and the value will be escaped.[m
[m
       Multiple lines can be added to an option by using the [1m--add[0m option. If you want to update or unset an option which can occur on multiple lines, a POSIX[m
       regexp [1mvalue_regex[0m needs to be given. Only the existing values that match the regexp are updated or unset. If you want to handle the lines that do [1mnot[0m match[m
       the regex, just prepend a single exclamation mark in front (see also the section called “EXAMPLES”).[m
[m
       The [1m--type=<type>[0m option instructs [4mgit[24m [4mconfig[24m to ensure that incoming and outgoing values are canonicalize-able under the given <type>. If no [1m--type=<type>[0m[m
       is given, no canonicalization will be performed. Callers may unset an existing [1m--type[0m specifier with [1m--no-type[0m.[m
[m
       When reading, the values are read from the system, global and repository local configuration files by default, and options [1m--system[0m, [1m--global[0m, [1m--local[0m,[m
       [1m--worktree[0m and [1m--file[0m [1m<filename>[0m can be used to tell the command to read from only that location (see the section called “FILES”).[m
[m
       When writing, the new value is written to the repository local configuration file by default, and options [1m--system[0m, [1m--global[0m, [1m--worktree[0m, [1m--file[0m [1m<filename>[0m[m
       can be used to tell the command to write to that location (you can say [1m--local[0m but that is the default).[m
[m
       This command will fail with non-zero status upon error. Some exit codes are:[m
[m
       •   The section or key is invalid (ret=1),[m
[m
[7m Manual page git-config(1) line 1 (press h for help or q to quit)[27m[K[K[?1l>[?1049l[23;0;0t]0;ashutosh@TIGER01220: ~[01;32mashutosh@TIGER01220[00m:[01;34m~[00m$ git clone https://github.com/Ashutoshkr2804/tamlep_assignment.git
Cloning into 'tamlep_assignment'...
remote: Enumerating objects: 3, done.[K
remote: Counting objects:  33% (1/3)[Kremote: Counting objects:  66% (2/3)[Kremote: Counting objects: 100% (3/3)[Kremote: Counting objects: 100% (3/3), done.[K
remote: Total 3 (delta 0), reused 0 (delta 0), pack-reused 0[K
Unpacking objects:  33% (1/3)Unpacking objects:  66% (2/3)Unpacking objects: 100% (3/3)Unpacking objects: 100% (3/3), 609 bytes | 101.00 KiB/s, done.
]0;ashutosh@TIGER01220: ~[01;32mashutosh@TIGER01220[00m:[01;34m~[00m$ ls
my_git_session  [0m[01;34mmy_project[0m  my_unix_session  my_unix_session1  [01;34mnorth-pacific-gyre[0m  [01;34mshell-lesson-data[0m  [01;34mtamlep_assignment[0m  [01;34mubu[0m
]0;ashutosh@TIGER01220: ~[01;32mashutosh@TIGER01220[00m:[01;34m~[00m$ git status
On branch master

No commits yet

Untracked files:
  (use "git add <file>..." to include in what will be committed)
	[31m.bash_history[m
	[31m.bash_logout[m
	[31m.bashrc[m
	[31m.gitconfig[m
	[31m.landscape/[m
	[31m.motd_shown[m
	[31m.profile[m
	[31m.sudo_as_admin_successful[m
	[31mmy_git_session[m
	[31mmy_unix_session[m
	[31mmy_unix_session1[m
	[31mnorth-pacific-gyre/[m
	[31mshell-lesson-data/[m
	[31mtamlep_assignment/[m

nothing added to commit but untracked files present (use "git add" to track)
]0;ashutosh@TIGER01220: ~[01;32mashutosh@TIGER01220[00m:[01;34m~[00m$ cd tamlep_assignment
]0;ashutosh@TIGER01220: ~/tamlep_assignment[01;32mashutosh@TIGER01220[00m:[01;34m~/tamlep_assignment[00m$ cd ..
]0;ashutosh@TIGER01220: ~[01;32mashutosh@TIGER01220[00m:[01;34m~[00m$ cd ..tamlep_assignment
]0;ashutosh@TIGER01220: ~/tamlep_assignment[01;32mashutosh@TIGER01220[00m:[01;34m~/tamlep_assignment[00m$ k[Kls
README.md
]0;ashutosh@TIGER01220: ~/tamlep_assignment[01;32mashutosh@TIGER01220[00m:[01;34m~/tamlep_assignment[00m$ git add README
fatal: pathspec 'README' did not match any files
]0;ashutosh@TIGER01220: ~/tamlep_assignment[01;32mashutosh@TIGER01220[00m:[01;34m~/tamlep_assignment[00m$ cd ..
]0;ashutosh@TIGER01220: ~[01;32mashutosh@TIGER01220[00m:[01;34m~[00m$ git add README
fatal: pathspec 'README' did not match any files
]0;ashutosh@TIGER01220: ~[01;32mashutosh@TIGER01220[00m:[01;34m~[00m$ git add README[9Pcd ..git add READMEls[Kcd tamlep_assignment
]0;ashutosh@TIGER01220: ~/tamlep_assignment[01;32mashutosh@TIGER01220[00m:[01;34m~/tamlep_assignment[00m$ cd tamlep_assignment[6Pgit add README[9Pcd ..git add README.md
]0;ashutosh@TIGER01220: ~/tamlep_assignment[01;32mashutosh@TIGER01220[00m:[01;34m~/tamlep_assignment[00m$ git status
On branch main
Your branch is up to date with 'origin/main'.

nothing to commit, working tree clean
]0;ashutosh@TIGER01220: ~/tamlep_assignment[01;32mashutosh@TIGER01220[00m:[01;34m~/tamlep_assignment[00m$ git status
On branch main
Your branch is up to date with 'origin/main'.

nothing to commit, working tree clean
]0;ashutosh@TIGER01220: ~/tamlep_assignment[01;32mashutosh@TIGER01220[00m:[01;34m~/tamlep_assignment[00m$ git status
On branch main
Your branch is up to date with 'origin/main'.

nothing to commit, working tree clean
]0;ashutosh@TIGER01220: ~/tamlep_assignment[01;32mashutosh@TIGER01220[00m:[01;34m~/tamlep_assignment[00m$ la
[0m[01;34m.git[0m  README.md
]0;ashutosh@TIGER01220: ~/tamlep_assignment[01;32mashutosh@TIGER01220[00m:[01;34m~/tamlep_assignment[00m$ echo 'My Project' > README
]0;ashutosh@TIGER01220: ~/tamlep_assignment[01;32mashutosh@TIGER01220[00m:[01;34m~/tamlep_assignment[00m$ git status
On branch main
Your branch is up to date with 'origin/main'.

Untracked files:
  (use "git add <file>..." to include in what will be committed)
	[31mREADME[m

nothing added to commit but untracked files present (use "git add" to track)
]0;ashutosh@TIGER01220: ~/tamlep_assignment[01;32mashutosh@TIGER01220[00m:[01;34m~/tamlep_assignment[00m$ git add README
]0;ashutosh@TIGER01220: ~/tamlep_assignment[01;32mashutosh@TIGER01220[00m:[01;34m~/tamlep_assignment[00m$ GIT [K[K[K[Kgit status
On branch main
Your branch is up to date with 'origin/main'.

Changes to be committed:
  (use "git restore --staged <file>..." to unstage)
	[32mnew file:   README[m

]0;ashutosh@TIGER01220: ~/tamlep_assignment[01;32mashutosh@TIGER01220[00m:[01;34m~/tamlep_assignment[00m$ git add CONTRIBUTING.md
fatal: pathspec 'CONTRIBUTING.md' did not match any files
]0;ashutosh@TIGER01220: ~/tamlep_assignment[01;32mashutosh@TIGER01220[00m:[01;34m~/tamlep_assignment[00m$ ls
README  README.md
]0;ashutosh@TIGER01220: ~/tamlep_assignment[01;32mashutosh@TIGER01220[00m:[01;34m~/tamlep_assignment[00m$ touch CONTRIBUTING,md[K[K[K.md
]0;ashutosh@TIGER01220: ~/tamlep_assignment[01;32mashutosh@TIGER01220[00m:[01;34m~/tamlep_assignment[00m$ ls
CONTRIBUTING.md  README  README.md
]0;ashutosh@TIGER01220: ~/tamlep_assignment[01;32mashutosh@TIGER01220[00m:[01;34m~/tamlep_assignment[00m$ lstouch CONTRIBUTING.mdls[Kgit add CONTRIBUTING.md
]0;ashutosh@TIGER01220: ~/tamlep_assignment[01;32mashutosh@TIGER01220[00m:[01;34m~/tamlep_assignment[00m$ git status
On branch main
Your branch is up to date with 'origin/main'.

Changes to be committed:
  (use "git restore --staged <file>..." to unstage)
	[32mnew file:   CONTRIBUTING.md[m
	[32mnew file:   README[m

]0;ashutosh@TIGER01220: ~/tamlep_assignment[01;32mashutosh@TIGER01220[00m:[01;34m~/tamlep_assignment[00m$ git diff
[?1h=[K[?1l>]0;ashutosh@TIGER01220: ~/tamlep_assignment[01;32mashutosh@TIGER01220[00m:[01;34m~/tamlep_assignment[00m$ git diff --staged
[?1h=[1mdiff --git a/CONTRIBUTING.md b/CONTRIBUTING.md[m[m
[1mnew file mode 100644[m[m
[1mindex 0000000..e69de29[m[m
[1mdiff --git a/README b/README[m[m
[1mnew file mode 100644[m[m
[1mindex 0000000..56266d3[m[m
[1m--- /dev/null[m[m
[1m+++ b/README[m[m
[36m@@ -0,0 +1 @@[m[m
[32m+[m[32mMy Project[m[m
[K[?1l>]0;ashutosh@TIGER01220: ~/tamlep_assignment[01;32mashutosh@TIGER01220[00m:[01;34m~/tamlep_assignment[00m$ git add CONTRIBUTING.MD[K[Kmd
]0;ashutosh@TIGER01220: ~/tamlep_assignment[01;32mashutosh@TIGER01220[00m:[01;34m~/tamlep_assignment[00m$ echo '# test line' >> CONTRIBUTING.md
]0;ashutosh@TIGER01220: ~/tamlep_assignment[01;32mashutosh@TIGER01220[00m:[01;34m~/tamlep_assignment[00m$ git status
On branch main
Your branch is up to date with 'origin/main'.

Changes to be committed:
  (use "git restore --staged <file>..." to unstage)
	[32mnew file:   CONTRIBUTING.md[m
	[32mnew file:   README[m

Changes not staged for commit:
  (use "git add <file>..." to update what will be committed)
  (use "git restore <file>..." to discard changes in working directory)
	[31mmodified:   CONTRIBUTING.md[m

]0;ashutosh@TIGER01220: ~/tamlep_assignment[01;32mashutosh@TIGER01220[00m:[01;34m~/tamlep_assignment[00m$ git diff
[?1h=[1mdiff --git a/CONTRIBUTING.md b/CONTRIBUTING.md[m[m
[1mindex e69de29..b7d3864 100644[m[m
[1m--- a/CONTRIBUTING.md[m[m
[1m+++ b/CONTRIBUTING.md[m[m
[36m@@ -0,0 +1 @@[m[m
[32m+[m[32m# test line[m[m
[K[?1l>]0;ashutosh@TIGER01220: ~/tamlep_assignment[01;32mashutosh@TIGER01220[00m:[01;34m~/tamlep_assignment[00m$ git diff --cached
[?1h=[1mdiff --git a/CONTRIBUTING.md b/CONTRIBUTING.md[m[m
[1mnew file mode 100644[m[m
[1mindex 0000000..e69de29[m[m
[1mdiff --git a/README b/README[m[m
[1mnew file mode 100644[m[m
[1mindex 0000000..56266d3[m[m
[1m--- /dev/null[m[m
[1m+++ b/README[m[m
[36m@@ -0,0 +1 @@[m[m
[32m+[m[32mMy Project[m[m
[K[?1l>]0;ashutosh@TIGER01220: ~/tamlep_assignment[01;32mashutosh@TIGER01220[00m:[01;34m~/tamlep_assignment[00m$ git c[Kcommit
hint: Waiting for your editor to close the file... [?2004h[?1049h[22;0;0t[1;43r(B[m[4l[?7h[39;49m[?1h=[?1h=[?25l[39;49m(B[m[H[2J[41;78H(B[0;7m[ Reading... ](B[m[41;76H(B[0;7m[ Read 14 lines ](B[m[H(B[0;7m  GNU nano 4.8                                              /home/ashutosh/tamlep_assignment/.git/COMMIT_EDITMSG                                                        [1;167H(B[m[42d(B[0;7m^G(B[m Get Help     (B[0;7m^O(B[m Write Out    (B[0;7m^W(B[m Where Is     (B[0;7m^K(B[m Cut Text     (B[0;7m^J(B[m Justify[81G(B[0;7m^C(B[m Cur Pos[97G(B[0;7mM-U(B[m Undo[42;113H(B[0;7mM-A(B[m Mark Text   (B[0;7mM-](B[m To Bracket  (B[0;7mM-Q(B[m Previous[43d(B[0;7m^X(B[m Exit[43;17H(B[0;7m^R(B[m Read File    (B[0;7m^\(B[m Replace[49G(B[0;7m^U(B[m Paste Text   (B[0;7m^T(B[m To Spell     (B[0;7m^_(B[m Go To Line   (B[0;7mM-E(B[m Redo[43;113H(B[0;7mM-6(B[m Copy Text   (B[0;7m^Q(B[m Where Was    (B[0;7mM-W(B[m Next[41d[3d[39;49m[36m# Please enter the commit message for your changes. Lines starting[4d# with '#' will be ignored, and an empty message aborts the commit.[5d#[6d# On branch main[7d# Your branch is up to date with 'origin/main'.[8d#[9d# Changes to be committed:[10d#       new file:   CONTRIBUTING.md[11d#       new file:   README[12d#[13d# Changes not staged for commit:[14d#       modified:   CONTRIBUTING.md[15d#[2d[39m(B[m[?12l[?25h[?25l[41d[J[43d[?12l[?25h[43;1H[?1049l[23;0;0t[?1l>[?2004l[KAborting commit due to empty commit message.
]0;ashutosh@TIGER01220: ~/tamlep_assignment[01;32mashutosh@TIGER01220[00m:[01;34m~/tamlep_assignment[00m$ git commit -m "first commit"[K[K[K[K[K[K[K[K[K[K[K[K[K[K[K[K[K[K[K[K[K[K[K[K[K add .
]0;ashutosh@TIGER01220: ~/tamlep_assignment[01;32mashutosh@TIGER01220[00m:[01;34m~/tamlep_assignment[00m$ git commit -m "First commit"
[main 2955084] First commit
 2 files changed, 2 insertions(+)
 create mode 100644 CONTRIBUTING.md
 create mode 100644 README
]0;ashutosh@TIGER01220: ~/tamlep_assignment[01;32mashutosh@TIGER01220[00m:[01;34m~/tamlep_assignment[00m$ git push
Username for 'https://github.com': Ashutoshkr2804
Password for 'https://Ashutoshkr2804@github.com': 
remote: Support for password authentication was removed on August 13, 2021.
remote: Please see https://docs.github.com/en/get-started/getting-started-with-git/about-remote-repositories#cloning-with-https-urls for information on currently recommended modes of authentication.
fatal: Authentication failed for 'https://github.com/Ashutoshkr2804/tamlep_assignment.git/'
]0;ashutosh@TIGER01220: ~/tamlep_assignment[01;32mashutosh@TIGER01220[00m:[01;34m~/tamlep_assignment[00m$ git remote add origin https://github.com/Ashutoshkr2804/tamlep_assignment.git
fatal: remote origin already exists.
]0;ashutosh@TIGER01220: ~/tamlep_assignment[01;32mashutosh@TIGER01220[00m:[01;34m~/tamlep_assignment[00m$ git commit -m "Story 182: fix benchmarks for speed"
On branch main
Your branch is ahead of 'origin/main' by 1 commit.
  (use "git push" to publish your local commits)

nothing to commit, working tree clean
]0;ashutosh@TIGER01220: ~/tamlep_assignment[01;32mashutosh@TIGER01220[00m:[01;34m~/tamlep_assignment[00m$ git status
On branch main
Your branch is ahead of 'origin/main' by 1 commit.
  (use "git push" to publish your local commits)

nothing to commit, working tree clean
]0;ashutosh@TIGER01220: ~/tamlep_assignment[01;32mashutosh@TIGER01220[00m:[01;34m~/tamlep_assignment[00m$ rm PROJECTS.md
rm: cannot remove 'PROJECTS.md': No such file or directory
]0;ashutosh@TIGER01220: ~/tamlep_assignment[01;32mashutosh@TIGER01220[00m:[01;34m~/tamlep_assignment[00m$ git mv README.md README
fatal: destination exists, source=README.md, destination=README
]0;ashutosh@TIGER01220: ~/tamlep_assignment[01;32mashutosh@TIGER01220[00m:[01;34m~/tamlep_assignment[00m$ git status
On branch main
Your branch is ahead of 'origin/main' by 1 commit.
  (use "git push" to publish your local commits)

nothing to commit, working tree clean
]0;ashutosh@TIGER01220: ~/tamlep_assignment[01;32mashutosh@TIGER01220[00m:[01;34m~/tamlep_assignment[00m$ mv README README_old
]0;ashutosh@TIGER01220: ~/tamlep_assignment[01;32mashutosh@TIGER01220[00m:[01;34m~/tamlep_assignment[00m$ rm README
rm: cannot remove 'README': No such file or directory
]0;ashutosh@TIGER01220: ~/tamlep_assignment[01;32mashutosh@TIGER01220[00m:[01;34m~/tamlep_assignment[00m$ git add README.md
]0;ashutosh@TIGER01220: ~/tamlep_assignment[01;32mashutosh@TIGER01220[00m:[01;34m~/tamlep_assignment[00m$ git commit -m "Rename README file"
On branch main
Your branch is ahead of 'origin/main' by 1 commit.
  (use "git push" to publish your local commits)

Changes not staged for commit:
  (use "git add/rm <file>..." to update what will be committed)
  (use "git restore <file>..." to discard changes in working directory)
	[31mdeleted:    README[m

Untracked files:
  (use "git add <file>..." to include in what will be committed)
	[31mREADME_old[m

no changes added to commit (use "git add" and/or "git commit -a")
]0;ashutosh@TIGER01220: ~/tamlep_assignment[01;32mashutosh@TIGER01220[00m:[01;34m~/tamlep_assignment[00m$ git push origin main
Username for 'https://github.com': Ashutoshkr2804/tamlep_assignment
Password for 'https://Ashutoshkr2804/tamlep_assignment@github.com': 
remote: Support for password authentication was removed on August 13, 2021.
remote: Please see https://docs.github.com/en/get-started/getting-started-with-git/about-remote-repositories#cloning-with-https-urls for information on currently recommended modes of authentication.
fatal: Authentication failed for 'https://github.com/Ashutoshkr2804/tamlep_assignment.git/'
]0;ashutosh@TIGER01220: ~/tamlep_assignment[01;32mashutosh@TIGER01220[00m:[01;34m~/tamlep_assignment[00m$ git credential-manager-core erase
git: 'credential-manager-core' is not a git command. See 'git --help'.
]0;ashutosh@TIGER01220: ~/tamlep_assignment[01;32mashutosh@TIGER01220[00m:[01;34m~/tamlep_assignment[00m$ i[Kgit credential-manager reject
git: 'credential-manager' is not a git command. See 'git --help'.
]0;ashutosh@TIGER01220: ~/tamlep_assignment[01;32mashutosh@TIGER01220[00m:[01;34m~/tamlep_assignment[00m$ git credential reject
^X  ^[[5~^O       O ^O  exit
warning: invalid credential line: exit
fatal: unable to read credential from stdin
]0;ashutosh@TIGER01220: ~/tamlep_assignment[01;32mashutosh@TIGER01220[00m:[01;34m~/tamlep_assignment[00m$ git log
[?1h=[33mcommit 29550843b3213fa9aa4c10307f85093e4e0c82fb[m[33m ([m[1;36mHEAD -> [m[1;32mmain[m[33m)[m[m
Author: ashutoshkr <ashutoshkumar.si@tigeranalytics.com>[m
Date:   Wed Jun 28 15:38:10 2023 +0530[m
[m
    First commit[m
[m
[33mcommit 2093c6dd8a228e97de6030021429b999c92ca7e5[m[33m ([m[1;31morigin/main[m[33m, [m[1;31morigin/HEAD[m[33m)[m[m
Author: Ashutoshkr2804 <137825664+Ashutoshkr2804@users.noreply.github.com>[m
Date:   Wed Jun 28 13:43:55 2023 +0530[m
[m
    Initial commit[m
[K[?1l>]0;ashutosh@TIGER01220: ~/tamlep_assignment[01;32mashutosh@TIGER01220[00m:[01;34m~/tamlep_assignment[00m$ git log -p -2
[?1h=[33mcommit 29550843b3213fa9aa4c10307f85093e4e0c82fb[m[33m ([m[1;36mHEAD -> [m[1;32mmain[m[33m)[m[m
Author: ashutoshkr <ashutoshkumar.si@tigeranalytics.com>[m
Date:   Wed Jun 28 15:38:10 2023 +0530[m
[m
    First commit[m
[m
[1mdiff --git a/CONTRIBUTING.md b/CONTRIBUTING.md[m[m
[1mnew file mode 100644[m[m
[1mindex 0000000..b7d3864[m[m
[1m--- /dev/null[m[m
[1m+++ b/CONTRIBUTING.md[m[m
[36m@@ -0,0 +1 @@[m[m
[32m+[m[32m# test line[m[m
[1mdiff --git a/README b/README[m[m
[1mnew file mode 100644[m[m
[1mindex 0000000..56266d3[m[m
[1m--- /dev/null[m[m
[1m+++ b/README[m[m
[36m@@ -0,0 +1 @@[m[m
[32m+[m[32mMy Project[m[m
[m
[33mcommit 2093c6dd8a228e97de6030021429b999c92ca7e5[m[33m ([m[1;31morigin/main[m[33m, [m[1;31morigin/HEAD[m[33m)[m[m
Author: Ashutoshkr2804 <137825664+Ashutoshkr2804@users.noreply.github.com>[m
Date:   Wed Jun 28 13:43:55 2023 +0530[m
[m
    Initial commit[m
[m
[1mdiff --git a/README.md b/README.md[m[m
[1mnew file mode 100644[m[m
[1mindex 0000000..90494e7[m[m
[1m--- /dev/null[m[m
[1m+++ b/README.md[m[m
[36m@@ -0,0 +1 @@[m[m
[32m+[m[32m# tamlep_assignment[m[m
\ No newline at end of file[m[m
[K[?1l>]0;ashutosh@TIGER01220: ~/tamlep_assignment[01;32mashutosh@TIGER01220[00m:[01;34m~/tamlep_assignment[00m$  git log --stat
[?1h=[33mcommit 29550843b3213fa9aa4c10307f85093e4e0c82fb[m[33m ([m[1;36mHEAD -> [m[1;32mmain[m[33m)[m[m
Author: ashutoshkr <ashutoshkumar.si@tigeranalytics.com>[m
Date:   Wed Jun 28 15:38:10 2023 +0530[m
[m
    First commit[m
[m
 CONTRIBUTING.md | 1 [32m+[m[m
 README          | 1 [32m+[m[m
 2 files changed, 2 insertions(+)[m
[m
[33mcommit 2093c6dd8a228e97de6030021429b999c92ca7e5[m[33m ([m[1;31morigin/main[m[33m, [m[1;31morigin/HEAD[m[33m)[m[m
Author: Ashutoshkr2804 <137825664+Ashutoshkr2804@users.noreply.github.com>[m
Date:   Wed Jun 28 13:43:55 2023 +0530[m
[m
    Initial commit[m
[m
 README.md | 1 [32m+[m[m
 1 file changed, 1 insertion(+)[m
[K[?1l>]0;ashutosh@TIGER01220: ~/tamlep_assignment[01;32mashutosh@TIGER01220[00m:[01;34m~/tamlep_assignment[00m$ git log --pretty=oneline
[?1h=[33m29550843b3213fa9aa4c10307f85093e4e0c82fb[m[33m ([m[1;36mHEAD -> [m[1;32mmain[m[33m)[m First commit[m
[33m2093c6dd8a228e97de6030021429b999c92ca7e5[m[33m ([m[1;31morigin/main[m[33m, [m[1;31morigin/HEAD[m[33m)[m Initial commit[m